ℹ Updating micromicon documentation
✖ controllers_query_controller.R:17: @importFrom Excluding unknown exports from
  magrittr: `Extract`, `Sequence`, `from`, `Genomic`, and `Coordinates`.
Writing 'NAMESPACE'
ℹ Loading micromicon
✖ controllers_query_controller.R:17: @importFrom Excluding unknown exports from
  magrittr: `Extract`, `Sequence`, `from`, `Genomic`, and `Coordinates`.
✖ In topic 'extract_sequence_by_coords.Rd': Skipping; no name and/or title.
Deleting 'extract_sequence_by_coords.Rd'
ℹ Testing micromicon
✔ | F W  S  OK | Context

⠏ |          0 | accessors                                                      
⠋ |          1 | accessors                                                      
✔ |      1  11 | accessors [3.5s]

⠏ |          0 | consequence-enrichment                                         
⠇ |         59 | consequence-enrichment                                         
✔ |         99 | consequence-enrichment

⠏ |          0 | export-warnings                                                
✔ |          7 | export-warnings

⠏ |          0 | gene-utilities                                                 
✔ |      7  24 | gene-utilities

⠏ |          0 | genome_entity                                                  genome_entity Summary
=====================

Source: NA 
Sequences: 0 sequences, 0 bp total
Features: 0 
Records: 0 

✔ |          9 | genome_entity

⠏ |          0 | integration                                                    
✔ |      3  40 | integration

══ Results ═════════════════════════════════════════════════════════════════════
Duration: 4.4 s

── Skipped tests (11) ──────────────────────────────────────────────────────────
• empty test (1): 'test-accessors.R:20:1'
• Test file not found (9): 'test-gene-utilities.R:2:3',
  'test-gene-utilities.R:37:3', 'test-gene-utilities.R:64:3',
  'test-gene-utilities.R:118:3', 'test-gene-utilities.R:165:3',
  'test-gene-utilities.R:202:3', 'test-gene-utilities.R:234:3',
  'test-integration.R:2:3', 'test-integration.R:111:3'
• Test GFF3 file not found (1): 'test-integration.R:42:3'

[ FAIL 0 | WARN 0 | SKIP 11 | PASS 190 ]
── R CMD build ─────────────────────────────────────────────────────────────────
* checking for file ‘.../DESCRIPTION’ ... OK
* preparing ‘micromicon’:
* checking DESCRIPTION meta-information ... OK
* installing the package to build vignettes
* creating vignettes ... OK
* checking for LF line-endings in source and make files and shell scripts
* checking for empty or unneeded directories
Removed empty directory ‘micromicon/tests/testthat/controllers/_snaps’
Removed empty directory ‘micromicon/tests/testthat/entities/_snaps’
Removed empty directory ‘micromicon/tests/testthat/gateways/_snaps’
Removed empty directory ‘micromicon/tests/testthat/integration’
Removed empty directory ‘micromicon/tests/testthat/use_cases/_snaps’
* building ‘micromicon_0.3.2.tar.gz’

── R CMD check ─────────────────────────────────────────────────────────────────
* using log directory ‘/tmp/RtmpiXXclu/file63f96935827e/micromicon.Rcheck’
* using R version 4.5.0 (2025-04-11)
* using platform: x86_64-pc-linux-gnu
* R was compiled by
    gcc (Ubuntu 14.2.0-19ubuntu2) 14.2.0
    GNU Fortran (Ubuntu 14.2.0-19ubuntu2) 14.2.0
* running under: Ubuntu 25.10
* using session charset: UTF-8
* using option ‘--no-manual’
* checking for file ‘micromicon/DESCRIPTION’ ... OK
* this is package ‘micromicon’ version ‘0.3.2’
* package encoding: UTF-8
* checking package namespace information ... OK
* checking package dependencies ... ERROR
Namespace dependency missing from DESCRIPTION Imports/Depends entries: ‘magrittr’
See section ‘The DESCRIPTION file’ in the ‘Writing R Extensions’
manual.
* DONE

Status: 1 ERROR
See
  ‘/tmp/RtmpiXXclu/file63f96935827e/micromicon.Rcheck/00check.log’
for details.


── R CMD check results ─────────────────────────────────── micromicon 0.3.2 ────
Duration: 4.2s

❯ checking package dependencies ... ERROR
  Namespace dependency missing from DESCRIPTION Imports/Depends entries: ‘magrittr’
  
  See section ‘The DESCRIPTION file’ in the ‘Writing R Extensions’
  manual.

1 error ✖ | 0 warnings ✔ | 0 notes ✔
Error: R CMD check found ERRORs
Execution halted
