ℹ Updating micromicon documentation
✖ controllers_query_controller.R:17: @importFrom Excluding unknown exports from
  magrittr: `Extract`, `Sequence`, `from`, `Genomic`, and `Coordinates`.
Writing 'NAMESPACE'
ℹ Loading micromicon
✖ controllers_query_controller.R:17: @importFrom Excluding unknown exports from
  magrittr: `Extract`, `Sequence`, `from`, `Genomic`, and `Coordinates`.
✖ In topic 'extract_sequence_by_coords.Rd': Skipping; no name and/or title.
Writing 'filter_variants.Rd'
Writing 'annotate_variants.Rd'
ℹ Testing micromicon
✔ | F W  S  OK | Context

⠏ |          0 | accessors                                                      
⠋ |          1 | accessors                                                      
✔ |      1  11 | accessors [3.5s]

⠏ |          0 | consequence-enrichment                                         
⠇ |         59 | consequence-enrichment                                         
✔ |         99 | consequence-enrichment

⠏ |          0 | export-warnings                                                
✔ |          7 | export-warnings

⠏ |          0 | gene-utilities                                                 
✔ |      7  24 | gene-utilities

⠏ |          0 | genome_entity                                                  
⠴ |          6 | genome_entity                                                  genome_entity Summary
=====================

Source: NA 
Sequences: 0 sequences, 0 bp total
Features: 0 
Records: 0 

✔ |          9 | genome_entity

⠏ |          0 | integration                                                    
✔ |      3  40 | integration

══ Results ═════════════════════════════════════════════════════════════════════
Duration: 4.5 s

── Skipped tests (11) ──────────────────────────────────────────────────────────
• empty test (1): 'test-accessors.R:20:1'
• Test file not found (9): 'test-gene-utilities.R:2:3',
  'test-gene-utilities.R:37:3', 'test-gene-utilities.R:64:3',
  'test-gene-utilities.R:118:3', 'test-gene-utilities.R:165:3',
  'test-gene-utilities.R:202:3', 'test-gene-utilities.R:234:3',
  'test-integration.R:2:3', 'test-integration.R:111:3'
• Test GFF3 file not found (1): 'test-integration.R:42:3'

[ FAIL 0 | WARN 0 | SKIP 11 | PASS 190 ]
── R CMD build ─────────────────────────────────────────────────────────────────
* checking for file ‘.../DESCRIPTION’ ... OK
* preparing ‘micromicon’:
* checking DESCRIPTION meta-information ... OK
* installing the package to build vignettes
* creating vignettes ... OK
* checking for LF line-endings in source and make files and shell scripts
* checking for empty or unneeded directories
Removed empty directory ‘micromicon/tests/testthat/controllers/_snaps’
Removed empty directory ‘micromicon/tests/testthat/entities/_snaps’
Removed empty directory ‘micromicon/tests/testthat/gateways/_snaps’
Removed empty directory ‘micromicon/tests/testthat/integration’
Removed empty directory ‘micromicon/tests/testthat/use_cases/_snaps’
* building ‘micromicon_0.3.4.tar.gz’

── R CMD check ─────────────────────────────────────────────────────────────────
* using log directory ‘/tmp/RtmpT67XUy/file9bfa1268f7a3/micromicon.Rcheck’
* using R version 4.5.0 (2025-04-11)
* using platform: x86_64-pc-linux-gnu
* R was compiled by
    gcc (Ubuntu 14.2.0-19ubuntu2) 14.2.0
    GNU Fortran (Ubuntu 14.2.0-19ubuntu2) 14.2.0
* running under: Ubuntu 25.10
* using session charset: UTF-8
* using option ‘--no-manual’
* checking for file ‘micromicon/DESCRIPTION’ ... OK
* this is package ‘micromicon’ version ‘0.3.4’
* package encoding: UTF-8
* checking package namespace information ... OK
* checking package dependencies ... OK
* checking if this is a source package ... OK
* checking if there is a namespace ... OK
* checking for executable files ... OK
* checking for hidden files and directories ... NOTE
Found the following hidden files and directories:
  .gitship-logs
These were most likely included in error. See section ‘Package
structure’ in the ‘Writing R Extensions’ manual.
* checking for portable file names ... OK
* checking for sufficient/correct file permissions ... OK
* checking whether package ‘micromicon’ can be installed ... OK
* checking installed package size ... OK
* checking package directory ... OK
* checking ‘build’ directory ... OK
* checking DESCRIPTION meta-information ... WARNING
Invalid license file pointers: LICENSE
* checking top-level files ... OK
* checking for left-over files ... OK
* checking index information ... OK
* checking package subdirectories ... OK
* checking code files for non-ASCII characters ... WARNING
Found the following files with non-ASCII characters:
  R/controllers_gd_mutations.R
  R/frameworks_utils_gd.R
  R/micromicon-package.R
  R/use_cases_gd_consequence_enrichment.R
  R/use_cases_gd_consequence_enrichment_fast.R
  R/use_cases_gd_consequence_enrichment_parallel.R
Portable packages must use only ASCII characters in their R code and
NAMESPACE directives, except perhaps in comments.
Use \uxxxx escapes for other characters.
Function ‘tools::showNonASCIIfile’ can help in finding non-ASCII
characters in files.
* checking R files for syntax errors ... OK
* checking whether the package can be loaded ... OK
* checking whether the package can be loaded with stated dependencies ... OK
* checking whether the package can be unloaded cleanly ... OK
* checking whether the namespace can be loaded with stated dependencies ... OK
* checking whether the namespace can be unloaded cleanly ... OK
* checking loading without being on the library search path ... OK
* checking dependencies in R code ... WARNING
'::' or ':::' imports not declared from:
  ‘BiocGenerics’ ‘methods’ ‘pwalign’
'loadNamespace' or 'requireNamespace' calls not declared from:
  ‘BiocGenerics’ ‘pwalign’
* checking S3 generic/method consistency ... OK
* checking replacement functions ... OK
* checking foreign function calls ... OK
* checking R code for possible problems ... NOTE
.get_fasta_index: no visible global function definition for ‘setNames’
.pf_enrich_snp_fast: no visible global function definition for
  ‘scalar_or’
.pm_enrich_snp: no visible global function definition for ‘scalar_or’
bioconductor_versions: no visible global function definition for
  ‘setNames’
blast_protein: no visible global function definition for ‘is’
clean_gff_for_import: no visible global function definition for
  ‘write.table’
clean_gff_for_import: no visible global function definition for ‘msg’
create_blast_gateway : <anonymous>: no visible global function
  definition for ‘blastp_capture’
execute_build_indices: no visible global function definition for
  ‘setNames’
gd_compute_snp_effect: no visible global function definition for
  ‘scalar_or’
gd_create_annotation_gateway : codon_context: no visible global
  function definition for ‘gd_get_transl_table’
gd_create_reference_gateway : translate: no visible global function
  definition for ‘gd_translate_literal’
gd_locate: no visible global function definition for ‘na.omit’
gd_verify_snp: no visible binding for global variable ‘type’
gd_verify_snp: no visible global function definition for ‘scalar_or’
get_feature_fasta: no visible global function definition for
  ‘writeXStringSet’
get_roi_fasta_batch: no visible global function definition for
  ‘writeXStringSet’
harmonize_seqnames_simple: no visible global function definition for
  ‘setNames’
parse_blast_xml: no visible global function definition for ‘read_xml’
parse_blast_xml: no visible global function definition for
  ‘xml_find_all’
parse_blast_xml: no visible global function definition for ‘tibble’
parse_blast_xml: no visible global function definition for ‘head’
parse_gd_annotated: no visible global function definition for
  ‘setNames’
pm_enrich_consequences_fast: no visible global function definition for
  ‘txtProgressBar’
pm_enrich_consequences_fast: no visible global function definition for
  ‘setTxtProgressBar’
pm_enrich_consequences_parallel: no visible global function definition
  for ‘txtProgressBar’
pm_enrich_consequences_parallel: no visible global function definition
  for ‘setTxtProgressBar’
predict_variants_int: no visible binding for global variable ‘type’
predict_variants_int: no visible global function definition for
  ‘setNames’
predict_variants_int: no visible global function definition for
  ‘na.omit’
predict_variants_orig: no visible binding for global variable ‘type’
predict_variants_orig: no visible global function definition for
  ‘setNames’
predict_variants_orig: no visible global function definition for
  ‘na.omit’
print.genome_entity: no visible global function definition for ‘head’
probe_ra: no visible global function definition for ‘head’
roi_cds_to_faa: no visible global function definition for ‘filter’
roi_cds_to_faa: no visible binding for global variable ‘type’
roi_cds_to_faa: no visible global function definition for ‘mutate’
roi_cds_to_faa: no visible global function definition for ‘pmap’
roi_cds_to_faa: no visible binding for global variable ‘start’
roi_cds_to_faa: no visible binding for global variable ‘end’
roi_cds_to_faa: no visible binding for global variable ‘strand’
roi_cds_to_faa: no visible global function definition for ‘map2_chr’
roi_cds_to_faa: no visible binding for global variable ‘dna’
roi_cds_to_faa: no visible binding for global variable ‘aa_raw’
roi_cds_to_faa: no visible binding for global variable ‘aa’
roi_cds_to_faa: no visible global function definition for ‘str_detect’
roi_cds_to_faa: no visible global function definition for ‘map2’
roi_cds_to_faa: no visible global function definition for ‘write_lines’
tidy_features: no visible global function definition for ‘tibble’
tidy_features: no visible global function definition for ‘start’
translate_cds: no visible global function definition for ‘width’
validate_genome_entity_gd: no visible global function definition for
  ‘setNames’
Undefined global functions or variables:
  aa aa_raw blastp_capture dna end filter gd_get_transl_table
  gd_translate_literal head is map2 map2_chr msg mutate na.omit pmap
  read_xml scalar_or setNames setTxtProgressBar start str_detect strand
  tibble txtProgressBar type width write.table writeXStringSet
  write_lines xml_find_all
Consider adding
  importFrom("methods", "is")
  importFrom("stats", "end", "filter", "na.omit", "setNames", "start")
  importFrom("utils", "head", "setTxtProgressBar", "txtProgressBar",
             "write.table")
to your NAMESPACE file (and ensure that your DESCRIPTION Imports field
contains 'methods').
* checking Rd files ... OK
* checking Rd metadata ... OK
* checking Rd cross-references ... OK
* checking for missing documentation entries ... OK
* checking for code/documentation mismatches ... OK
* checking Rd \usage sections ... WARNING
Documented arguments not in \usage in Rd file 'create_blast_gateway.Rd':
  ‘db’ ‘dbdir’ ‘blastp_bin’ ‘blastp_dir’ ‘evalue’ ‘threads’ ‘fields’
  ‘validate_db’ ‘more_args’
Documented arguments not in \usage in Rd file 'detect_format_from_extension.Rd':
  ‘path’
Undocumented arguments in Rd file 'export_genome-methods.Rd'
  ‘x’ ‘file’ ‘format’ ‘wrap_width’ ‘source’ ‘...’
Documented arguments not in \usage in Rd file 'extract_by_name.Rd':
  ‘pattern’ ‘translate’ ‘genetic_code’ ‘auto_harmonize’
Documented arguments not in \usage in Rd file 'get_gene_aa.Rd':
  ‘genetic_code’ ‘fix_start_codon’
Undocumented arguments in Rd file 'get_roi_dna_vec.Rd'
  ‘...’
Documented arguments not in \usage in Rd file 'get_roi_features.Rd':
  ‘seqname’ ‘start’ ‘end’ ‘flank’ ‘feature_type’ ‘auto_resolve’
  ‘drop_extdb’
Documented arguments not in \usage in Rd file 'new_genome_entity.Rd':
  ‘sequences’ ‘features’ ‘metadata’ ‘indices’
Documented arguments not in \usage in Rd file 'read_gbk.Rd':
  ‘return_entity’ ‘...’
Documented arguments not in \usage in Rd file 'read_variants.Rd':
  ‘strict’
Documented arguments not in \usage in Rd file 'search_features.Rd':
  ‘type’ ‘pattern’ ‘seqname’ ‘start’ ‘end’ ‘strand’
Documented arguments not in \usage in Rd file 'sequences.Rd':
  ‘format’
Functions with \usage entries need to have the appropriate \alias
entries, and all their arguments documented.
The \usage entries must correspond to syntactically valid R code.
See chapter ‘Writing R documentation files’ in the ‘Writing R
Extensions’ manual.
* checking Rd contents ... OK
* checking for unstated dependencies in examples ... OK
* checking installed files from ‘inst/doc’ ... OK
* checking files in ‘vignettes’ ... OK
* checking examples ... OK
* checking for unstated dependencies in ‘tests’ ... OK
* checking tests ...
  Running ‘testthat.R’
 OK
* checking for unstated dependencies in vignettes ... OK
* checking package vignettes ... OK
* checking re-building of vignette outputs ... OK
* DONE

Status: 4 WARNINGs, 2 NOTEs
See
  ‘/tmp/RtmpT67XUy/file9bfa1268f7a3/micromicon.Rcheck/00check.log’
for details.
── R CMD check results ─────────────────────────────────── micromicon 0.3.4 ────
Duration: 26.9s

❯ checking DESCRIPTION meta-information ... WARNING
  Invalid license file pointers: LICENSE

❯ checking code files for non-ASCII characters ... WARNING
  Found the following files with non-ASCII characters:
    R/controllers_gd_mutations.R
    R/frameworks_utils_gd.R
    R/micromicon-package.R
    R/use_cases_gd_consequence_enrichment.R
    R/use_cases_gd_consequence_enrichment_fast.R
    R/use_cases_gd_consequence_enrichment_parallel.R
  Portable packages must use only ASCII characters in their R code and
  NAMESPACE directives, except perhaps in comments.
  Use \uxxxx escapes for other characters.
  Function ‘tools::showNonASCIIfile’ can help in finding non-ASCII
  characters in files.

❯ checking dependencies in R code ... WARNING
  '::' or ':::' imports not declared from:
    ‘BiocGenerics’ ‘methods’ ‘pwalign’
  'loadNamespace' or 'requireNamespace' calls not declared from:
    ‘BiocGenerics’ ‘pwalign’

❯ checking Rd \usage sections ... WARNING
  Documented arguments not in \usage in Rd file 'create_blast_gateway.Rd':
    ‘db’ ‘dbdir’ ‘blastp_bin’ ‘blastp_dir’ ‘evalue’ ‘threads’ ‘fields’
    ‘validate_db’ ‘more_args’
  
  Documented arguments not in \usage in Rd file 'detect_format_from_extension.Rd':
    ‘path’
  
  Undocumented arguments in Rd file 'export_genome-methods.Rd'
    ‘x’ ‘file’ ‘format’ ‘wrap_width’ ‘source’ ‘...’
  
  Documented arguments not in \usage in Rd file 'extract_by_name.Rd':
    ‘pattern’ ‘translate’ ‘genetic_code’ ‘auto_harmonize’
  
  Documented arguments not in \usage in Rd file 'get_gene_aa.Rd':
    ‘genetic_code’ ‘fix_start_codon’
  
  Undocumented arguments in Rd file 'get_roi_dna_vec.Rd'
    ‘...’
  
  Documented arguments not in \usage in Rd file 'get_roi_features.Rd':
    ‘seqname’ ‘start’ ‘end’ ‘flank’ ‘feature_type’ ‘auto_resolve’
    ‘drop_extdb’
  
  Documented arguments not in \usage in Rd file 'new_genome_entity.Rd':
    ‘sequences’ ‘features’ ‘metadata’ ‘indices’
  
  Documented arguments not in \usage in Rd file 'read_gbk.Rd':
    ‘return_entity’ ‘...’
  
  Documented arguments not in \usage in Rd file 'read_variants.Rd':
    ‘strict’
  
  Documented arguments not in \usage in Rd file 'search_features.Rd':
    ‘type’ ‘pattern’ ‘seqname’ ‘start’ ‘end’ ‘strand’
  
  Documented arguments not in \usage in Rd file 'sequences.Rd':
    ‘format’
  
  Functions with \usage entries need to have the appropriate \alias
  entries, and all their arguments documented.
  The \usage entries must correspond to syntactically valid R code.
  See chapter ‘Writing R documentation files’ in the ‘Writing R
  Extensions’ manual.

❯ checking for hidden files and directories ... NOTE
  Found the following hidden files and directories:
    .gitship-logs
  These were most likely included in error. See section ‘Package
  structure’ in the ‘Writing R Extensions’ manual.

❯ checking R code for possible problems ... NOTE
  .get_fasta_index: no visible global function definition for ‘setNames’
  .pf_enrich_snp_fast: no visible global function definition for
    ‘scalar_or’
  .pm_enrich_snp: no visible global function definition for ‘scalar_or’
  bioconductor_versions: no visible global function definition for
    ‘setNames’
  blast_protein: no visible global function definition for ‘is’
  clean_gff_for_import: no visible global function definition for
    ‘write.table’
  clean_gff_for_import: no visible global function definition for ‘msg’
  create_blast_gateway : <anonymous>: no visible global function
    definition for ‘blastp_capture’
  execute_build_indices: no visible global function definition for
    ‘setNames’
  gd_compute_snp_effect: no visible global function definition for
    ‘scalar_or’
  gd_create_annotation_gateway : codon_context: no visible global
    function definition for ‘gd_get_transl_table’
  gd_create_reference_gateway : translate: no visible global function
    definition for ‘gd_translate_literal’
  gd_locate: no visible global function definition for ‘na.omit’
  gd_verify_snp: no visible binding for global variable ‘type’
  gd_verify_snp: no visible global function definition for ‘scalar_or’
  get_feature_fasta: no visible global function definition for
    ‘writeXStringSet’
  get_roi_fasta_batch: no visible global function definition for
    ‘writeXStringSet’
  harmonize_seqnames_simple: no visible global function definition for
    ‘setNames’
  parse_blast_xml: no visible global function definition for ‘read_xml’
  parse_blast_xml: no visible global function definition for
    ‘xml_find_all’
  parse_blast_xml: no visible global function definition for ‘tibble’
  parse_blast_xml: no visible global function definition for ‘head’
  parse_gd_annotated: no visible global function definition for
    ‘setNames’
  pm_enrich_consequences_fast: no visible global function definition for
    ‘txtProgressBar’
  pm_enrich_consequences_fast: no visible global function definition for
    ‘setTxtProgressBar’
  pm_enrich_consequences_parallel: no visible global function definition
    for ‘txtProgressBar’
  pm_enrich_consequences_parallel: no visible global function definition
    for ‘setTxtProgressBar’
  predict_variants_int: no visible binding for global variable ‘type’
  predict_variants_int: no visible global function definition for
    ‘setNames’
  predict_variants_int: no visible global function definition for
    ‘na.omit’
  predict_variants_orig: no visible binding for global variable ‘type’
  predict_variants_orig: no visible global function definition for
    ‘setNames’
  predict_variants_orig: no visible global function definition for
    ‘na.omit’
  print.genome_entity: no visible global function definition for ‘head’
  probe_ra: no visible global function definition for ‘head’
  roi_cds_to_faa: no visible global function definition for ‘filter’
  roi_cds_to_faa: no visible binding for global variable ‘type’
  roi_cds_to_faa: no visible global function definition for ‘mutate’
  roi_cds_to_faa: no visible global function definition for ‘pmap’
  roi_cds_to_faa: no visible binding for global variable ‘start’
  roi_cds_to_faa: no visible binding for global variable ‘end’
  roi_cds_to_faa: no visible binding for global variable ‘strand’
  roi_cds_to_faa: no visible global function definition for ‘map2_chr’
  roi_cds_to_faa: no visible binding for global variable ‘dna’
  roi_cds_to_faa: no visible binding for global variable ‘aa_raw’
  roi_cds_to_faa: no visible binding for global variable ‘aa’
  roi_cds_to_faa: no visible global function definition for ‘str_detect’
  roi_cds_to_faa: no visible global function definition for ‘map2’
  roi_cds_to_faa: no visible global function definition for ‘write_lines’
  tidy_features: no visible global function definition for ‘tibble’
  tidy_features: no visible global function definition for ‘start’
  translate_cds: no visible global function definition for ‘width’
  validate_genome_entity_gd: no visible global function definition for
    ‘setNames’
  Undefined global functions or variables:
    aa aa_raw blastp_capture dna end filter gd_get_transl_table
    gd_translate_literal head is map2 map2_chr msg mutate na.omit pmap
    read_xml scalar_or setNames setTxtProgressBar start str_detect strand
    tibble txtProgressBar type width write.table writeXStringSet
    write_lines xml_find_all
  Consider adding
    importFrom("methods", "is")
    importFrom("stats", "end", "filter", "na.omit", "setNames", "start")
    importFrom("utils", "head", "setTxtProgressBar", "txtProgressBar",
               "write.table")
  to your NAMESPACE file (and ensure that your DESCRIPTION Imports field
  contains 'methods').

0 errors ✔ | 4 warnings ✖ | 2 notes ✖
