ℹ Updating micromicon documentation
ℹ Loading micromicon
ℹ Testing micromicon
✔ | F W  S  OK | Context

⠏ |          0 | accessors                                                      
⠋ |          1 | accessors                                                      
✔ |      1  11 | accessors [4.0s]

⠏ |          0 | consequence-enrichment                                         
⠇ |         59 | consequence-enrichment                                         
✔ |         96 | consequence-enrichment

⠏ |          0 | export-warnings                                                
✔ |          7 | export-warnings

⠏ |          0 | gene-utilities                                                 
✔ |      7  24 | gene-utilities

⠏ |          0 | genome_entity                                                  genome_entity Summary
=====================

Source: NA 
Sequences: 0 sequences, 0 bp total
Features: 0 
Records: 0 

✔ |          9 | genome_entity

⠏ |          0 | integration                                                    
✔ |      3  40 | integration

⠏ |          0 | plot_roi                                                       
⠋ |          1 | plot_roi                                                       
⠙ |          2 | plot_roi                                                       
⠴ |          6 | plot_roi                                                       
⠇ |          9 | plot_roi                                                       
⠦ |         17 | plot_roi                                                       
⠋ |         21 | plot_roi                                                       
⠏ |         30 | plot_roi                                                       
⠋ |         31 | plot_roi                                                       
⠴ |         36 | plot_roi                                                       
⠇ |         39 | plot_roi                                                       
⠸ |         44 | plot_roi                                                       
✔ |         49 | plot_roi [1.4s]

══ Results ═════════════════════════════════════════════════════════════════════
Duration: 5.9 s

── Skipped tests (11) ──────────────────────────────────────────────────────────
• empty test (1): 'test-accessors.R:20:1'
• Test file not found (9): 'test-gene-utilities.R:2:3',
  'test-gene-utilities.R:37:3', 'test-gene-utilities.R:64:3',
  'test-gene-utilities.R:118:3', 'test-gene-utilities.R:165:3',
  'test-gene-utilities.R:202:3', 'test-gene-utilities.R:234:3',
  'test-integration.R:2:3', 'test-integration.R:111:3'
• Test GFF3 file not found (1): 'test-integration.R:42:3'

[ FAIL 0 | WARN 0 | SKIP 11 | PASS 236 ]
── R CMD build ─────────────────────────────────────────────────────────────────
* checking for file ‘.../DESCRIPTION’ ... OK
* preparing ‘micromicon’:
* checking DESCRIPTION meta-information ... OK
* installing the package to build vignettes
* creating vignettes ... OK
* checking for LF line-endings in source and make files and shell scripts
* checking for empty or unneeded directories
Removed empty directory ‘micromicon/tests/testthat/controllers/_snaps’
Removed empty directory ‘micromicon/tests/testthat/controllers’
Removed empty directory ‘micromicon/tests/testthat/entities/_snaps’
Removed empty directory ‘micromicon/tests/testthat/entities’
Removed empty directory ‘micromicon/tests/testthat/gateways/_snaps’
Removed empty directory ‘micromicon/tests/testthat/gateways’
Removed empty directory ‘micromicon/tests/testthat/integration’
Removed empty directory ‘micromicon/tests/testthat/use_cases/_snaps’
Removed empty directory ‘micromicon/tests/testthat/use_cases’
* building ‘micromicon_0.4.0.tar.gz’

── R CMD check ─────────────────────────────────────────────────────────────────
* using log directory ‘/tmp/Rtmptq45va/file6e137c3c7c02/micromicon.Rcheck’
* using R version 4.5.0 (2025-04-11)
* using platform: x86_64-pc-linux-gnu
* R was compiled by
    gcc (Ubuntu 14.2.0-19ubuntu2) 14.2.0
    GNU Fortran (Ubuntu 14.2.0-19ubuntu2) 14.2.0
* running under: Ubuntu 25.10
* using session charset: UTF-8
* using option ‘--no-manual’
* checking for file ‘micromicon/DESCRIPTION’ ... OK
* this is package ‘micromicon’ version ‘0.4.0’
* package encoding: UTF-8
* checking package namespace information ... OK
* checking package dependencies ... OK
* checking if this is a source package ... OK
* checking if there is a namespace ... OK
* checking for executable files ... OK
* checking for hidden files and directories ... NOTE
Found the following hidden files and directories:
  .gitship-logs
These were most likely included in error. See section ‘Package
structure’ in the ‘Writing R Extensions’ manual.
* checking for portable file names ... OK
* checking for sufficient/correct file permissions ... OK
* checking whether package ‘micromicon’ can be installed ... OK
* checking installed package size ... OK
* checking package directory ... OK
* checking ‘build’ directory ... OK
* checking DESCRIPTION meta-information ... WARNING
Invalid license file pointers: LICENSE
* checking top-level files ... OK
* checking for left-over files ... OK
* checking index information ... OK
* checking package subdirectories ... OK
* checking code files for non-ASCII characters ... OK
* checking R files for syntax errors ... OK
* checking whether the package can be loaded ... OK
* checking whether the package can be loaded with stated dependencies ... OK
* checking whether the package can be unloaded cleanly ... OK
* checking whether the namespace can be loaded with stated dependencies ... OK
* checking whether the namespace can be unloaded cleanly ... OK
* checking loading without being on the library search path ... OK
* checking whether startup messages can be suppressed ... OK
* checking dependencies in R code ... OK
* checking S3 generic/method consistency ... OK
* checking replacement functions ... OK
* checking foreign function calls ... OK
* checking R code for possible problems ... NOTE
.pf_enrich_snp_fast: no visible global function definition for
  ‘scalar_or’
.pm_enrich_snp: no visible global function definition for ‘scalar_or’
create_blast_gateway : <anonymous>: no visible global function
  definition for ‘blastp_capture’
gd_compute_snp_effect: no visible global function definition for
  ‘scalar_or’
gd_create_annotation_gateway : codon_context: no visible global
  function definition for ‘gd_get_transl_table’
gd_create_reference_gateway : translate: no visible global function
  definition for ‘gd_translate_literal’
gd_verify_snp: no visible binding for global variable ‘type’
gd_verify_snp: no visible global function definition for ‘scalar_or’
get_feature_fasta: no visible global function definition for
  ‘writeXStringSet’
get_roi_fasta_batch: no visible global function definition for
  ‘writeXStringSet’
parse_blast_xml: no visible global function definition for ‘read_xml’
parse_blast_xml: no visible global function definition for
  ‘xml_find_all’
parse_blast_xml: no visible global function definition for ‘tibble’
plot_roi_impl: no visible binding for global variable ‘x’
plot_roi_impl: no visible binding for global variable ‘y’
plot_roi_impl: no visible binding for global variable ‘poly_id’
plot_roi_impl: no visible binding for global variable ‘gene’
plot_roi_impl: no visible binding for global variable ‘mid_x’
plot_roi_impl: no visible binding for global variable ‘lx’
plot_roi_impl: no visible binding for global variable ‘ly’
predict_variants_int: no visible binding for global variable ‘type’
predict_variants_orig: no visible binding for global variable ‘type’
roi_cds_to_faa: no visible global function definition for ‘filter’
roi_cds_to_faa: no visible binding for global variable ‘type’
roi_cds_to_faa: no visible global function definition for ‘mutate’
roi_cds_to_faa: no visible global function definition for ‘pmap’
roi_cds_to_faa: no visible binding for global variable ‘seqnames’
roi_cds_to_faa: no visible binding for global variable ‘start’
roi_cds_to_faa: no visible binding for global variable ‘end’
roi_cds_to_faa: no visible binding for global variable ‘strand’
roi_cds_to_faa: no visible global function definition for ‘map2_chr’
roi_cds_to_faa: no visible binding for global variable ‘dna’
roi_cds_to_faa: no visible binding for global variable ‘aa_raw’
roi_cds_to_faa: no visible binding for global variable ‘aa’
roi_cds_to_faa: no visible global function definition for ‘str_detect’
roi_cds_to_faa: no visible global function definition for ‘map2’
roi_cds_to_faa: no visible global function definition for ‘write_lines’
tidy_features: no visible global function definition for ‘tibble’
tidy_features: no visible global function definition for ‘start’
translate_cds: no visible global function definition for ‘width’
Undefined global functions or variables:
  aa aa_raw blastp_capture dna end filter gd_get_transl_table
  gd_translate_literal gene lx ly map2 map2_chr mid_x mutate pmap
  poly_id read_xml scalar_or seqnames start str_detect strand tibble
  type width writeXStringSet write_lines x xml_find_all y
Consider adding
  importFrom("stats", "end", "filter", "start")
to your NAMESPACE file.
* checking Rd files ... OK
* checking Rd metadata ... OK
* checking Rd cross-references ... OK
* checking for missing documentation entries ... OK
* checking for code/documentation mismatches ... OK
* checking Rd \usage sections ... OK
* checking Rd contents ... OK
* checking for unstated dependencies in examples ... OK
* checking installed files from ‘inst/doc’ ... OK
* checking files in ‘vignettes’ ... OK
* checking examples ... OK
* checking for unstated dependencies in ‘tests’ ... OK
* checking tests ...
  Running ‘testthat.R’
 OK
* checking for unstated dependencies in vignettes ... OK
* checking package vignettes ... OK
* checking re-building of vignette outputs ... OK
* DONE

Status: 1 WARNING, 2 NOTEs
See
  ‘/tmp/Rtmptq45va/file6e137c3c7c02/micromicon.Rcheck/00check.log’
for details.
── R CMD check results ─────────────────────────────────── micromicon 0.4.0 ────
Duration: 30.8s

❯ checking DESCRIPTION meta-information ... WARNING
  Invalid license file pointers: LICENSE

❯ checking for hidden files and directories ... NOTE
  Found the following hidden files and directories:
    .gitship-logs
  These were most likely included in error. See section ‘Package
  structure’ in the ‘Writing R Extensions’ manual.

❯ checking R code for possible problems ... NOTE
  .pf_enrich_snp_fast: no visible global function definition for
    ‘scalar_or’
  .pm_enrich_snp: no visible global function definition for ‘scalar_or’
  create_blast_gateway : <anonymous>: no visible global function
    definition for ‘blastp_capture’
  gd_compute_snp_effect: no visible global function definition for
    ‘scalar_or’
  gd_create_annotation_gateway : codon_context: no visible global
    function definition for ‘gd_get_transl_table’
  gd_create_reference_gateway : translate: no visible global function
    definition for ‘gd_translate_literal’
  gd_verify_snp: no visible binding for global variable ‘type’
  gd_verify_snp: no visible global function definition for ‘scalar_or’
  get_feature_fasta: no visible global function definition for
    ‘writeXStringSet’
  get_roi_fasta_batch: no visible global function definition for
    ‘writeXStringSet’
  parse_blast_xml: no visible global function definition for ‘read_xml’
  parse_blast_xml: no visible global function definition for
    ‘xml_find_all’
  parse_blast_xml: no visible global function definition for ‘tibble’
  plot_roi_impl: no visible binding for global variable ‘x’
  plot_roi_impl: no visible binding for global variable ‘y’
  plot_roi_impl: no visible binding for global variable ‘poly_id’
  plot_roi_impl: no visible binding for global variable ‘gene’
  plot_roi_impl: no visible binding for global variable ‘mid_x’
  plot_roi_impl: no visible binding for global variable ‘lx’
  plot_roi_impl: no visible binding for global variable ‘ly’
  predict_variants_int: no visible binding for global variable ‘type’
  predict_variants_orig: no visible binding for global variable ‘type’
  roi_cds_to_faa: no visible global function definition for ‘filter’
  roi_cds_to_faa: no visible binding for global variable ‘type’
  roi_cds_to_faa: no visible global function definition for ‘mutate’
  roi_cds_to_faa: no visible global function definition for ‘pmap’
  roi_cds_to_faa: no visible binding for global variable ‘seqnames’
  roi_cds_to_faa: no visible binding for global variable ‘start’
  roi_cds_to_faa: no visible binding for global variable ‘end’
  roi_cds_to_faa: no visible binding for global variable ‘strand’
  roi_cds_to_faa: no visible global function definition for ‘map2_chr’
  roi_cds_to_faa: no visible binding for global variable ‘dna’
  roi_cds_to_faa: no visible binding for global variable ‘aa_raw’
  roi_cds_to_faa: no visible binding for global variable ‘aa’
  roi_cds_to_faa: no visible global function definition for ‘str_detect’
  roi_cds_to_faa: no visible global function definition for ‘map2’
  roi_cds_to_faa: no visible global function definition for ‘write_lines’
  tidy_features: no visible global function definition for ‘tibble’
  tidy_features: no visible global function definition for ‘start’
  translate_cds: no visible global function definition for ‘width’
  Undefined global functions or variables:
    aa aa_raw blastp_capture dna end filter gd_get_transl_table
    gd_translate_literal gene lx ly map2 map2_chr mid_x mutate pmap
    poly_id read_xml scalar_or seqnames start str_detect strand tibble
    type width writeXStringSet write_lines x xml_find_all y
  Consider adding
    importFrom("stats", "end", "filter", "start")
  to your NAMESPACE file.

0 errors ✔ | 1 warning ✖ | 2 notes ✖
