ℹ Updating micromicon documentation
ℹ Loading micromicon
ℹ Testing micromicon
✔ | F W  S  OK | Context

⠏ |          0 | accessors                                                      
⠋ |          1 | accessors                                                      
✔ |      1  11 | accessors [4.0s]

⠏ |          0 | consequence-enrichment                                         
⠇ |         59 | consequence-enrichment                                         
⠇ |         99 | consequence-enrichment                                         
✔ |         99 | consequence-enrichment

⠏ |          0 | export-warnings                                                
✔ |          7 | export-warnings

⠏ |          0 | gene-utilities                                                 
✔ |      7  24 | gene-utilities

⠏ |          0 | genome_entity                                                  genome_entity Summary
=====================

Source: NA 
Sequences: 0 sequences, 0 bp total
Features: 0 
Records: 0 

✔ |          9 | genome_entity

⠏ |          0 | integration                                                    
✔ |      3  40 | integration

⠏ |          0 | plot_roi                                                       
⠋ |          1 | plot_roi                                                       
⠙ |          2 | plot_roi                                                       
⠴ |          6 | plot_roi                                                       
⠇ |          9 | plot_roi                                                       
⠧ |         18 | plot_roi                                                       
⠹ |         23 | plot_roi                                                       
⠋ |         31 | plot_roi                                                       
⠴ |         36 | plot_roi                                                       
⠇ |         39 | plot_roi                                                       
⠸ |         44 | plot_roi                                                       
✔ |         49 | plot_roi [1.4s]

══ Results ═════════════════════════════════════════════════════════════════════
Duration: 5.9 s

── Skipped tests (11) ──────────────────────────────────────────────────────────
• empty test (1): 'test-accessors.R:20:1'
• Test file not found (9): 'test-gene-utilities.R:2:3',
  'test-gene-utilities.R:37:3', 'test-gene-utilities.R:64:3',
  'test-gene-utilities.R:118:3', 'test-gene-utilities.R:165:3',
  'test-gene-utilities.R:202:3', 'test-gene-utilities.R:234:3',
  'test-integration.R:2:3', 'test-integration.R:111:3'
• Test GFF3 file not found (1): 'test-integration.R:42:3'

[ FAIL 0 | WARN 0 | SKIP 11 | PASS 239 ]
── R CMD build ─────────────────────────────────────────────────────────────────
* checking for file ‘.../DESCRIPTION’ ... OK
* preparing ‘micromicon’:
* checking DESCRIPTION meta-information ... OK
* installing the package to build vignettes
* creating vignettes ... ERROR
--- re-building ‘gene-utilities.Rmd’ using rmarkdown
--- finished re-building ‘gene-utilities.Rmd’
--- re-building ‘micromicon-intro.Rmd’ using rmarkdown
--- finished re-building ‘micromicon-intro.Rmd’
--- re-building ‘quickstart.Rmd’ using rmarkdown
Quitting from quickstart.Rmd:92-102 [extract-by-coords]
~~~~~~~~~~~~~~~~~~~~~~~~~~~~~~~~~~~~~~~~~~~~~~~~~~~~~~~~~~~~~~~~~~~~~~~~~~~~~~~~
<error/rlang_error>
Error in `execute_extract_sequences_by_coords()` at micromicon/R/generics_queries.R:131:3:
! Contig 'TEST000002' not found in genome_entity
---
Backtrace:
    ▆
 1. ├─micromicon::extract_by_coords(...)
 2. └─micromicon:::extract_by_coords.genome_entity(...) at micromicon/R/generics_queries.R:121:3
 3.   └─micromicon:::execute_extract_sequences_by_coords(x, contig, start, end, options) at micromicon/R/generics_queries.R:131:3
~~~~~~~~~~~~~~~~~~~~~~~~~~~~~~~~~~~~~~~~~~~~~~~~~~~~~~~~~~~~~~~~~~~~~~~~~~~~~~~~
Error: processing vignette 'quickstart.Rmd' failed with diagnostics:
Contig 'TEST000002' not found in genome_entity
--- failed re-building ‘quickstart.Rmd’
--- re-building ‘variation-analysis.Rmd’ using rmarkdown
--- finished re-building ‘variation-analysis.Rmd’
SUMMARY: processing the following file failed:
  ‘quickstart.Rmd’
Error: Vignette re-building failed.
Execution halted
Error in proc$get_built_file() : Build process failed
Calls: <Anonymous> ... build_package -> with_envvar -> force -> <Anonymous>
Execution halted
